▿ 41 elements
  ▿ DrawCommand
    ▿ setFill: Color
      - alpha: 1.0
      - blue: 1.0
      - green: 1.0
      - red: 1.0
  ▿ DrawCommand
    ▿ fill: 1 element
      ▿ Rectangle
        ▿ origin: Point
          - x: 0.0
          - y: 0.0
        ▿ size: Size
          - height: 360.0
          - width: 140.0
  ▿ DrawCommand
    ▿ addRect: Rectangle
      ▿ origin: Point
        - x: 50.0
        - y: 50.0
      ▿ size: Size
        - height: 20.0
        - width: 40.0
  ▿ DrawCommand
    ▿ drawPath: DrawMethod
      ▿ stroke: StrokeStyle
        ▿ color: Color
          - alpha: 1.0
          - blue: 0.0
          - green: 0.0
          - red: 0.0
        - lineWidth: 1.0
  ▿ DrawCommand
    ▿ draw: (2 elements)
      ▿ text: AttributedText
        ▿ font: Optional<Font>
          ▿ some: Font
            ▿ systemDefault: (1 element)
              - size: 16.0
        - text: "box1"
        ▿ textAlignment: Optional<TextAlignment>
          - some: TextAlignment.center
        - textColor: Optional<Color>.none
      ▿ point: Point
        - x: 50.0
        - y: 50.0
  ▿ DrawCommand
    ▿ addRect: Rectangle
      ▿ origin: Point
        - x: 50.0
        - y: 110.0
      ▿ size: Size
        - height: 20.0
        - width: 40.0
  ▿ DrawCommand
    ▿ drawPath: DrawMethod
      ▿ stroke: StrokeStyle
        ▿ color: Color
          - alpha: 1.0
          - blue: 0.0
          - green: 0.0
          - red: 0.0
        - lineWidth: 1.0
  ▿ DrawCommand
    ▿ draw: (2 elements)
      ▿ text: AttributedText
        ▿ font: Optional<Font>
          ▿ some: Font
            ▿ systemDefault: (1 element)
              - size: 16.0
        - text: "box2"
        ▿ textAlignment: Optional<TextAlignment>
          - some: TextAlignment.center
        - textColor: Optional<Color>.none
      ▿ point: Point
        - x: 50.0
        - y: 110.0
  ▿ DrawCommand
    ▿ addRect: Rectangle
      ▿ origin: Point
        - x: 50.0
        - y: 170.0
      ▿ size: Size
        - height: 20.0
        - width: 40.0
  ▿ DrawCommand
    ▿ drawPath: DrawMethod
      ▿ stroke: StrokeStyle
        ▿ color: Color
          - alpha: 1.0
          - blue: 0.0
          - green: 0.0
          - red: 0.0
        - lineWidth: 1.0
  ▿ DrawCommand
    ▿ draw: (2 elements)
      ▿ text: AttributedText
        ▿ font: Optional<Font>
          ▿ some: Font
            ▿ systemDefault: (1 element)
              - size: 16.0
        - text: "box3"
        ▿ textAlignment: Optional<TextAlignment>
          - some: TextAlignment.center
        - textColor: Optional<Color>.none
      ▿ point: Point
        - x: 50.0
        - y: 170.0
  ▿ DrawCommand
    ▿ addRect: Rectangle
      ▿ origin: Point
        - x: 50.0
        - y: 230.0
      ▿ size: Size
        - height: 20.0
        - width: 40.0
  ▿ DrawCommand
    ▿ drawPath: DrawMethod
      ▿ stroke: StrokeStyle
        ▿ color: Color
          - alpha: 1.0
          - blue: 0.0
          - green: 0.0
          - red: 0.0
        - lineWidth: 1.0
  ▿ DrawCommand
    ▿ draw: (2 elements)
      ▿ text: AttributedText
        ▿ font: Optional<Font>
          ▿ some: Font
            ▿ systemDefault: (1 element)
              - size: 16.0
        - text: "box4"
        ▿ textAlignment: Optional<TextAlignment>
          - some: TextAlignment.center
        - textColor: Optional<Color>.none
      ▿ point: Point
        - x: 50.0
        - y: 230.0
  ▿ DrawCommand
    ▿ addRect: Rectangle
      ▿ origin: Point
        - x: 50.0
        - y: 290.0
      ▿ size: Size
        - height: 20.0
        - width: 40.0
  ▿ DrawCommand
    ▿ drawPath: DrawMethod
      ▿ stroke: StrokeStyle
        ▿ color: Color
          - alpha: 1.0
          - blue: 0.0
          - green: 0.0
          - red: 0.0
        - lineWidth: 1.0
  ▿ DrawCommand
    ▿ draw: (2 elements)
      ▿ text: AttributedText
        ▿ font: Optional<Font>
          ▿ some: Font
            ▿ systemDefault: (1 element)
              - size: 16.0
        - text: "box5"
        ▿ textAlignment: Optional<TextAlignment>
          - some: TextAlignment.center
        - textColor: Optional<Color>.none
      ▿ point: Point
        - x: 50.0
        - y: 290.0
  ▿ DrawCommand
    ▿ move: Point
      - x: 50.0
      - y: 67.5
  ▿ DrawCommand
    ▿ addLine: Point
      - x: 47.5
      - y: 67.5
  ▿ DrawCommand
    ▿ addLine: Point
      - x: 42.5
      - y: 67.5
  ▿ DrawCommand
    ▿ addLine: Point
      - x: 42.5
      - y: 232.5
  ▿ DrawCommand
    ▿ addLine: Point
      - x: 47.5
      - y: 232.5
  ▿ DrawCommand
    ▿ addLine: Point
      - x: 50.0
      - y: 232.5
  ▿ DrawCommand
    ▿ drawPath: DrawMethod
      ▿ stroke: StrokeStyle
        ▿ color: Color
          - alpha: 1.0
          - blue: 0.0
          - green: 0.0
          - red: 0.0
        - lineWidth: 1.0
  ▿ DrawCommand
    ▿ move: Point
      - x: 50.0
      - y: 232.5
  ▿ DrawCommand
    ▿ addLine: Point
      - x: 46.0
      - y: 229.5
  ▿ DrawCommand
    ▿ addLine: Point
      - x: 46.0
      - y: 235.5
  ▿ DrawCommand
    ▿ addLine: Point
      - x: 50.0
      - y: 232.5
  ▿ DrawCommand
    ▿ drawPath: DrawMethod
      ▿ fill: FillStyle
        ▿ color: Color
          - alpha: 1.0
          - blue: 0.0
          - green: 0.0
          - red: 0.0
  ▿ DrawCommand
    ▿ move: Point
      - x: 50.0
      - y: 127.5
  ▿ DrawCommand
    ▿ addLine: Point
      - x: 47.5
      - y: 127.5
  ▿ DrawCommand
    ▿ addLine: Point
      - x: 37.5
      - y: 127.5
  ▿ DrawCommand
    ▿ addLine: Point
      - x: 37.5
      - y: 292.5
  ▿ DrawCommand
    ▿ addLine: Point
      - x: 47.5
      - y: 292.5
  ▿ DrawCommand
    ▿ addLine: Point
      - x: 50.0
      - y: 292.5
  ▿ DrawCommand
    ▿ drawPath: DrawMethod
      ▿ stroke: StrokeStyle
        ▿ color: Color
          - alpha: 1.0
          - blue: 0.0
          - green: 0.0
          - red: 0.0
        - lineWidth: 1.0
  ▿ DrawCommand
    ▿ move: Point
      - x: 50.0
      - y: 292.5
  ▿ DrawCommand
    ▿ addLine: Point
      - x: 46.0
      - y: 289.5
  ▿ DrawCommand
    ▿ addLine: Point
      - x: 46.0
      - y: 295.5
  ▿ DrawCommand
    ▿ addLine: Point
      - x: 50.0
      - y: 292.5
  ▿ DrawCommand
    ▿ drawPath: DrawMethod
      ▿ fill: FillStyle
        ▿ color: Color
          - alpha: 1.0
          - blue: 0.0
          - green: 0.0
          - red: 0.0
