▿ 23 elements
  ▿ DrawCommand
    ▿ setFill: Color
      - alpha: 1.0
      - blue: 1.0
      - green: 1.0
      - red: 1.0
  ▿ DrawCommand
    ▿ fill: 1 element
      ▿ Rectangle
        ▿ origin: Point
          - x: 0.0
          - y: 0.0
        ▿ size: Size
          - height: 120.0
          - width: 170.0
  ▿ DrawCommand
    ▿ addRect: Rectangle
      ▿ origin: Point
        - x: 100.0
        - y: 50.0
      ▿ size: Size
        - height: 20.0
        - width: 20.0
  ▿ DrawCommand
    ▿ drawPath: DrawMethod
      ▿ fillStroke: FillStrokeStyle
        ▿ fill: FillStyle
          ▿ color: Color
            - alpha: 1.0
            - blue: 0.9568627450980393
            - green: 0.5647058823529412
            - red: 1.0
        ▿ stroke: StrokeStyle
          ▿ color: Color
            - alpha: 1.0
            - blue: 0.0
            - green: 0.0
            - red: 0.0
          - lineWidth: 3.0
  ▿ DrawCommand
    ▿ draw: (2 elements)
      ▿ text: AttributedText
        ▿ font: Optional<Font>
          ▿ some: Font
            ▿ systemDefault: (1 element)
              - size: 16.0
        - text: "n1"
        ▿ textAlignment: Optional<TextAlignment>
          - some: TextAlignment.center
        ▿ textColor: Optional<Color>
          ▿ some: Color
            - alpha: 1.0
            - blue: 0.0
            - green: 0.0
            - red: 0.0
      ▿ point: Point
        - x: 100.0
        - y: 50.0
  ▿ DrawCommand
    ▿ addRect: Rectangle
      ▿ origin: Point
        - x: 50.0
        - y: 50.0
      ▿ size: Size
        - height: 20.0
        - width: 20.0
  ▿ DrawCommand
    ▿ drawPath: DrawMethod
      ▿ fillStroke: FillStrokeStyle
        ▿ fill: FillStyle
          ▿ color: Color
            - alpha: 1.0
            - blue: 0.7843137254901961
            - green: 0.7490196078431373
            - red: 0.0
        ▿ stroke: StrokeStyle
          ▿ color: Color
            - alpha: 1.0
            - blue: 0.0
            - green: 0.0
            - red: 0.0
          - lineWidth: 1.0
  ▿ DrawCommand
    ▿ draw: (2 elements)
      ▿ text: AttributedText
        ▿ font: Optional<Font>
          ▿ some: Font
            ▿ systemDefault: (1 element)
              - size: 16.0
        - text: "n2"
        ▿ textAlignment: Optional<TextAlignment>
          - some: TextAlignment.center
        ▿ textColor: Optional<Color>
          ▿ some: Color
            - alpha: 1.0
            - blue: 1.0
            - green: 1.0
            - red: 1.0
      ▿ point: Point
        - x: 50.0
        - y: 50.0
  ▿ DrawCommand
    ▿ move: Point
      - x: 100.0
      - y: 52.5
  ▿ DrawCommand
    ▿ addLine: Point
      - x: 97.5
      - y: 52.5
  ▿ DrawCommand
    ▿ addLine: Point
      - x: 72.5
      - y: 52.5
  ▿ DrawCommand
    ▿ addLine: Point
      - x: 70.0
      - y: 52.5
  ▿ DrawCommand
    ▿ drawPath: DrawMethod
      ▿ stroke: StrokeStyle
        ▿ color: Color
          - alpha: 1.0
          - blue: 0.0
          - green: 0.0
          - red: 0.0
        - lineWidth: 4.0
  ▿ DrawCommand
    ▿ move: Point
      - x: 100.0
      - y: 52.5
  ▿ DrawCommand
    ▿ addLine: Point
      - x: 93.0
      - y: 46.5
  ▿ DrawCommand
    ▿ addLine: Point
      - x: 93.0
      - y: 58.5
  ▿ DrawCommand
    ▿ addLine: Point
      - x: 100.0
      - y: 52.5
  ▿ DrawCommand
    ▿ drawPath: DrawMethod
      ▿ fill: FillStyle
        ▿ color: Color
          - alpha: 1.0
          - blue: 0.0
          - green: 0.0
          - red: 0.0
  ▿ DrawCommand
    ▿ move: Point
      - x: 70.0
      - y: 52.5
  ▿ DrawCommand
    ▿ addLine: Point
      - x: 77.0
      - y: 46.5
  ▿ DrawCommand
    ▿ addLine: Point
      - x: 77.0
      - y: 58.5
  ▿ DrawCommand
    ▿ addLine: Point
      - x: 70.0
      - y: 52.5
  ▿ DrawCommand
    ▿ drawPath: DrawMethod
      ▿ fill: FillStyle
        ▿ color: Color
          - alpha: 1.0
          - blue: 0.0
          - green: 0.0
          - red: 0.0
